*** Measurement Settings ***
  Batch size: 8
  Service Kind: TRITON
  Sending 100 warmup requests
  Using "count_windows" mode for stabilization
  Stabilizing using p95latency and throughput
  Minimum number of samples in each window: 500
  Using synchronous calls for inference

Request concurrency: 4
Request concurrency: 4
  Pass [1] throughput: 1018.35 infer/sec. p95 latency: 48931 usec
  Pass [2] throughput: 958.617 infer/sec. p95 latency: 45473 usec
  Pass [3] throughput: 951.609 infer/sec. p95 latency: 45230 usec
  Client: 
    Request count: 1669
    Throughput: 973.856 infer/sec
    Avg client overhead: 3.10%
    p50 latency: 30532 usec
    p90 latency: 41619 usec
    p95 latency: 47167 usec
    p99 latency: 55811 usec
    Avg HTTP time: 32203 usec (send 1913 usec + response wait 30281 usec + receive 9 usec)
  Server: 
    Inference count: 13360
    Execution count: 1670
    Successful request count: 1670
    Avg request latency: 22710 usec (overhead 50 usec + queue 14782 usec + compute input 570 usec + compute infer 7279 usec + compute output 28 usec)
  Server Prometheus Metrics: 
    Avg GPU Utilization:
      GPU-8b397d66-cb44-ff85-0381-290e9b034fe0 : 80.9118%
    Avg GPU Power Usage:
      GPU-8b397d66-cb44-ff85-0381-290e9b034fe0 : 131.307 watts
    Max GPU Memory Usage:
      GPU-8b397d66-cb44-ff85-0381-290e9b034fe0 : 2026897408 bytes
    Total GPU Memory:
      GPU-8b397d66-cb44-ff85-0381-290e9b034fe0 : 12878610432 bytes
Inferences/Second vs. Client p95 Batch Latency
Concurrency: 4, throughput: 973.856 infer/sec, latency 47167 usec
